// Jest Snapshot v1, https://goo.gl/fbAQLP

exports[`Testeando el gifitem Proabndo el proptype 1`] = `
<div>
  <div
    class="card"
  >
    <p>
      ARISU
    </p>
    <img
      alt="ARISU"
      src="https://google.com/"
    />
  </div>
</div>
`;
